Archive member included to satisfy reference by file (symbol)

c:/ac6/systemworkbench/plugins/fr.ac6.mcu.externaltools.arm-none.win32_1.17.0.201812190825/tools/compiler/bin/../lib/gcc/arm-none-eabi/7.3.1/thumb/v7e-m/fpv4-sp/hard\libgcc.a(_aeabi_uldivmod.o)
                              Drivers/STM32F4xx_HAL_Driver/Src/stm32f4xx_hal_rcc.o (__aeabi_uldivmod)
c:/ac6/systemworkbench/plugins/fr.ac6.mcu.externaltools.arm-none.win32_1.17.0.201812190825/tools/compiler/bin/../lib/gcc/arm-none-eabi/7.3.1/thumb/v7e-m/fpv4-sp/hard\libgcc.a(_udivmoddi4.o)
                              c:/ac6/systemworkbench/plugins/fr.ac6.mcu.externaltools.arm-none.win32_1.17.0.201812190825/tools/compiler/bin/../lib/gcc/arm-none-eabi/7.3.1/thumb/v7e-m/fpv4-sp/hard\libgcc.a(_aeabi_uldivmod.o) (__udivmoddi4)
c:/ac6/systemworkbench/plugins/fr.ac6.mcu.externaltools.arm-none.win32_1.17.0.201812190825/tools/compiler/bin/../lib/gcc/arm-none-eabi/7.3.1/thumb/v7e-m/fpv4-sp/hard\libgcc.a(_dvmd_tls.o)
                              c:/ac6/systemworkbench/plugins/fr.ac6.mcu.externaltools.arm-none.win32_1.17.0.201812190825/tools/compiler/bin/../lib/gcc/arm-none-eabi/7.3.1/thumb/v7e-m/fpv4-sp/hard\libgcc.a(_aeabi_uldivmod.o) (__aeabi_ldiv0)
c:/ac6/systemworkbench/plugins/fr.ac6.mcu.externaltools.arm-none.win32_1.17.0.201812190825/tools/compiler/bin/../lib/gcc/arm-none-eabi/7.3.1/../../../../arm-none-eabi/lib/thumb/v7e-m/fpv4-sp/hard\libc_nano.a(lib_a-errno.o)
                              Core/Src/syscalls.o (__errno)
c:/ac6/systemworkbench/plugins/fr.ac6.mcu.externaltools.arm-none.win32_1.17.0.201812190825/tools/compiler/bin/../lib/gcc/arm-none-eabi/7.3.1/../../../../arm-none-eabi/lib/thumb/v7e-m/fpv4-sp/hard\libc_nano.a(lib_a-exit.o)
                              c:/ac6/systemworkbench/plugins/fr.ac6.mcu.externaltools.arm-none.win32_1.17.0.201812190825/tools/compiler/bin/../lib/gcc/arm-none-eabi/7.3.1/../../../../arm-none-eabi/lib/thumb/v7e-m/fpv4-sp/hard/crt0.o (exit)
c:/ac6/systemworkbench/plugins/fr.ac6.mcu.externaltools.arm-none.win32_1.17.0.201812190825/tools/compiler/bin/../lib/gcc/arm-none-eabi/7.3.1/../../../../arm-none-eabi/lib/thumb/v7e-m/fpv4-sp/hard\libc_nano.a(lib_a-impure.o)
                              c:/ac6/systemworkbench/plugins/fr.ac6.mcu.externaltools.arm-none.win32_1.17.0.201812190825/tools/compiler/bin/../lib/gcc/arm-none-eabi/7.3.1/../../../../arm-none-eabi/lib/thumb/v7e-m/fpv4-sp/hard\libc_nano.a(lib_a-exit.o) (_global_impure_ptr)
c:/ac6/systemworkbench/plugins/fr.ac6.mcu.externaltools.arm-none.win32_1.17.0.201812190825/tools/compiler/bin/../lib/gcc/arm-none-eabi/7.3.1/../../../../arm-none-eabi/lib/thumb/v7e-m/fpv4-sp/hard\libc_nano.a(lib_a-init.o)
                              c:/ac6/systemworkbench/plugins/fr.ac6.mcu.externaltools.arm-none.win32_1.17.0.201812190825/tools/compiler/bin/../lib/gcc/arm-none-eabi/7.3.1/../../../../arm-none-eabi/lib/thumb/v7e-m/fpv4-sp/hard/crt0.o (__libc_init_array)
c:/ac6/systemworkbench/plugins/fr.ac6.mcu.externaltools.arm-none.win32_1.17.0.201812190825/tools/compiler/bin/../lib/gcc/arm-none-eabi/7.3.1/../../../../arm-none-eabi/lib/thumb/v7e-m/fpv4-sp/hard\libc_nano.a(lib_a-malloc.o)
                              Middlewares/ST/STM32_USB_Host_Library/Class/CDC/Src/usbh_cdc.o (malloc)
c:/ac6/systemworkbench/plugins/fr.ac6.mcu.externaltools.arm-none.win32_1.17.0.201812190825/tools/compiler/bin/../lib/gcc/arm-none-eabi/7.3.1/../../../../arm-none-eabi/lib/thumb/v7e-m/fpv4-sp/hard\libc_nano.a(lib_a-memset.o)
                              c:/ac6/systemworkbench/plugins/fr.ac6.mcu.externaltools.arm-none.win32_1.17.0.201812190825/tools/compiler/bin/../lib/gcc/arm-none-eabi/7.3.1/../../../../arm-none-eabi/lib/thumb/v7e-m/fpv4-sp/hard/crt0.o (memset)
c:/ac6/systemworkbench/plugins/fr.ac6.mcu.externaltools.arm-none.win32_1.17.0.201812190825/tools/compiler/bin/../lib/gcc/arm-none-eabi/7.3.1/../../../../arm-none-eabi/lib/thumb/v7e-m/fpv4-sp/hard\libc_nano.a(lib_a-nano-freer.o)
                              c:/ac6/systemworkbench/plugins/fr.ac6.mcu.externaltools.arm-none.win32_1.17.0.201812190825/tools/compiler/bin/../lib/gcc/arm-none-eabi/7.3.1/../../../../arm-none-eabi/lib/thumb/v7e-m/fpv4-sp/hard\libc_nano.a(lib_a-malloc.o) (_free_r)
c:/ac6/systemworkbench/plugins/fr.ac6.mcu.externaltools.arm-none.win32_1.17.0.201812190825/tools/compiler/bin/../lib/gcc/arm-none-eabi/7.3.1/../../../../arm-none-eabi/lib/thumb/v7e-m/fpv4-sp/hard\libc_nano.a(lib_a-nano-mallocr.o)
                              c:/ac6/systemworkbench/plugins/fr.ac6.mcu.externaltools.arm-none.win32_1.17.0.201812190825/tools/compiler/bin/../lib/gcc/arm-none-eabi/7.3.1/../../../../arm-none-eabi/lib/thumb/v7e-m/fpv4-sp/hard\libc_nano.a(lib_a-malloc.o) (_malloc_r)
c:/ac6/systemworkbench/plugins/fr.ac6.mcu.externaltools.arm-none.win32_1.17.0.201812190825/tools/compiler/bin/../lib/gcc/arm-none-eabi/7.3.1/../../../../arm-none-eabi/lib/thumb/v7e-m/fpv4-sp/hard\libc_nano.a(lib_a-sbrkr.o)
[...]
Memory Configuration

Name             Origin             Length             Attributes
RAM              0x20000000         0x00020000         xrw
CCMRAM           0x10000000         0x00010000         xrw
FLASH            0x08000000         0x00100000         xr
*default*        0x00000000         0xffffffff

Linker script and memory map

LOAD c:/ac6/systemworkbench/plugins/fr.ac6.mcu.externaltools.arm-none.win32_1.17.0.201812190825/tools/compiler/bin/../lib/gcc/arm-none-eabi/7.3.1/thumb/v7e-m/fpv4-sp/hard/crti.o
LOAD c:/ac6/systemworkbench/plugins/fr.ac6.mcu.externaltools.arm-none.win32_1.17.0.201812190825/tools/compiler/bin/../lib/gcc/arm-none-eabi/7.3.1/thumb/v7e-m/fpv4-sp/hard/crtbegin.o
LOAD c:/ac6/systemworkbench/plugins/fr.ac6.mcu.externaltools.arm-none.win32_1.17.0.201812190825/tools/compiler/bin/../lib/gcc/arm-none-eabi/7.3.1/../../../../arm-none-eabi/lib/thumb/v7e-m/fpv4-sp/hard/crt0.o
LOAD Core/Src/gsm.o
LOAD Core/Src/main.o
LOAD Core/Src/stm32f4xx_hal_msp.o
LOAD Core/Src/stm32f4xx_it.o
LOAD Core/Src/syscalls.o
LOAD Core/Src/system_stm32f4xx.o
LOAD Drivers/STM32F4xx_HAL_Driver/Src/stm32f4xx_hal.o
LOAD Drivers/STM32F4xx_HAL_Driver/Src/stm32f4xx_hal_cortex.o
LOAD Drivers/STM32F4xx_HAL_Driver/Src/stm32f4xx_hal_dma.o
LOAD Drivers/STM32F4xx_HAL_Driver/Src/stm32f4xx_hal_dma_ex.o
LOAD Drivers/STM32F4xx_HAL_Driver/Src/stm32f4xx_hal_exti.o
LOAD Drivers/STM32F4xx_HAL_Driver/Src/stm32f4xx_hal_flash.o
LOAD Drivers/STM32F4xx_HAL_Driver/Src/stm32f4xx_hal_flash_ex.o
LOAD Drivers/STM32F4xx_HAL_Driver/Src/stm32f4xx_hal_flash_ramfunc.o
LOAD Drivers/STM32F4xx_HAL_Driver/Src/stm32f4xx_hal_gpio.o
LOAD Drivers/STM32F4xx_HAL_Driver/Src/stm32f4xx_hal_hcd.o
LOAD Drivers/STM32F4xx_HAL_Driver/Src/stm32f4xx_hal_i2c.o
LOAD Drivers/STM32F4xx_HAL_Driver/Src/stm32f4xx_hal_i2c_ex.o
LOAD Drivers/STM32F4xx_HAL_Driver/Src/stm32f4xx_hal_i2s.o
LOAD Drivers/STM32F4xx_HAL_Driver/Src/stm32f4xx_hal_i2s_ex.o
LOAD Drivers/STM32F4xx_HAL_Driver/Src/stm32f4xx_hal_pwr.o
LOAD Drivers/STM32F4xx_HAL_Driver/Src/stm32f4xx_hal_pwr_ex.o
LOAD Drivers/STM32F4xx_HAL_Driver/Src/stm32f4xx_hal_rcc.o
LOAD Drivers/STM32F4xx_HAL_Driver/Src/stm32f4xx_hal_rcc_ex.o
LOAD Drivers/STM32F4xx_HAL_Driver/Src/stm32f4xx_hal_spi.o
LOAD Drivers/STM32F4xx_HAL_Driver/Src/stm32f4xx_hal_tim.o
LOAD Drivers/STM32F4xx_HAL_Driver/Src/stm32f4xx_hal_tim_ex.o
LOAD Drivers/STM32F4xx_HAL_Driver/Src/stm32f4xx_hal_uart.o
LOAD Drivers/STM32F4xx_HAL_Driver/Src/stm32f4xx_ll_usb.o
LOAD Middlewares/ST/STM32_USB_Host_Library/Class/CDC/Src/usbh_cdc.o
LOAD Middlewares/ST/STM32_USB_Host_Library/Core/Src/usbh_core.o
LOAD Middlewares/ST/STM32_USB_Host_Library/Core/Src/usbh_ctlreq.o
LOAD Middlewares/ST/STM32_USB_Host_Library/Core/Src/usbh_ioreq.o
LOAD Middlewares/ST/STM32_USB_Host_Library/Core/Src/usbh_pipes.o
LOAD USB_HOST/App/usb_host.o
LOAD USB_HOST/Target/usbh_conf.o
LOAD USB_HOST/Target/usbh_platform.o
LOAD startup/startup_stm32f407xx.o
LOAD c:/ac6/systemworkbench/plugins/fr.ac6.mcu.externaltools.arm-none.win32_1.17.0.201812190825/tools/compiler/bin/../lib/gcc/arm-none-eabi/7.3.1/../../../../arm-none-eabi/lib/thumb/v7e-m/fpv4-sp/hard\libm.a
START GROUP
LOAD c:/ac6/systemworkbench/plugins/fr.ac6.mcu.externaltools.arm-none.win32_1.17.0.201812190825/tools/compiler/bin/../lib/gcc/arm-none-eabi/7.3.1/thumb/v7e-m/fpv4-sp/hard\libgcc.a
LOAD c:/ac6/systemworkbench/plugins/fr.ac6.mcu.externaltools.arm-none.win32_1.17.0.201812190825/tools/compiler/bin/../lib/gcc/arm-none-eabi/7.3.1/../../../../arm-none-eabi/lib/thumb/v7e-m/fpv4-sp/hard\libc_nano.a
END GROUP
START GROUP
LOAD c:/ac6/systemworkbench/plugins/fr.ac6.mcu.externaltools.arm-none.win32_1.17.0.201812190825/tools/compiler/bin/../lib/gcc/arm-none-eabi/7.3.1/thumb/v7e-m/fpv4-sp/hard\libgcc.a
LOAD c:/ac6/systemworkbench/plugins/fr.ac6.mcu.externaltools.arm-none.win32_1.17.0.201812190825/tools/compiler/bin/../lib/gcc/arm-none-eabi/7.3.1/../../../../arm-none-eabi/lib/thumb/v7e-m/fpv4-sp/hard\libc_nano.a
LOAD c:/ac6/systemworkbench/plugins/fr.ac6.mcu.externaltools.arm-none.win32_1.17.0.201812190825/tools/compiler/bin/../lib/gcc/arm-none-eabi/7.3.1/../../../../arm-none-eabi/lib/thumb/v7e-m/fpv4-sp/hard\libnosys.a
END GROUP
START GROUP
LOAD c:/ac6/systemworkbench/plugins/fr.ac6.mcu.externaltools.arm-none.win32_1.17.0.201812190825/tools/compiler/bin/../lib/gcc/arm-none-eabi/7.3.1/thumb/v7e-m/fpv4-sp/hard\libgcc.a
LOAD c:/ac6/systemworkbench/plugins/fr.ac6.mcu.externaltools.arm-none.win32_1.17.0.201812190825/tools/compiler/bin/../lib/gcc/arm-none-eabi/7.3.1/../../../../arm-none-eabi/lib/thumb/v7e-m/fpv4-sp/hard\libc_nano.a
LOAD c:/ac6/systemworkbench/plugins/fr.ac6.mcu.externaltools.arm-none.win32_1.17.0.201812190825/tools/compiler/bin/../lib/gcc/arm-none-eabi/7.3.1/../../../../arm-none-eabi/lib/thumb/v7e-m/fpv4-sp/hard\libnosys.a
END GROUP
LOAD c:/ac6/systemworkbench/plugins/fr.ac6.mcu.externaltools.arm-none.win32_1.17.0.201812190825/tools/compiler/bin/../lib/gcc/arm-none-eabi/7.3.1/thumb/v7e-m/fpv4-sp/hard/crtend.o
LOAD c:/ac6/systemworkbench/plugins/fr.ac6.mcu.externaltools.arm-none.win32_1.17.0.201812190825/tools/compiler/bin/../lib/gcc/arm-none-eabi/7.3.1/thumb/v7e-m/fpv4-sp/hard/crtn.o
                0x20020000                _estack = 0x20020000
                0x00000200                _Min_Heap_Size = 0x200
                0x00000400                _Min_Stack_Size = 0x400

.isr_vector     0x08000000      0x188
                0x08000000                . = ALIGN (0x4)
 *(.isr_vector)
 .isr_vector    0x08000000      0x188 startup/startup_stm32f407xx.o
                0x08000000                g_pfnVectors
                0x08000188                . = ALIGN (0x4)

.text           0x08000188     0x26b4
                0x08000188                . = ALIGN (0x4)
 *(.text)
 .text          0x08000188       0x40 c:/ac6/systemworkbench/plugins/fr.ac6.mcu.externaltools.arm-none.win32_1.17.0.201812190825/tools/compiler/bin/../lib/gcc/arm-none-eabi/7.3.1/thumb/v7e-m/fpv4-sp/hard/crtbegin.o
 .text          0x080001c8       0x30 c:/ac6/systemworkbench/plugins/fr.ac6.mcu.externaltools.arm-none.win32_1.17.0.201812190825/tools/compiler/bin/../lib/gcc/arm-none-eabi/7.3.1/thumb/v7e-m/fpv4-sp/hard\libgcc.a(_aeabi_uldivmod.o)
                0x080001c8                __aeabi_uldivmod
 .text          0x080001f8      0x2cc c:/ac6/systemworkbench/plugins/fr.ac6.mcu.externaltools.arm-none.win32_1.17.0.201812190825/tools/compiler/bin/../lib/gcc/arm-none-eabi/7.3.1/thumb/v7e-m/fpv4-sp/hard\libgcc.a(_udivmoddi4.o)
                0x080001f8                __udivmoddi4
 .text          0x080004c4        0x4 c:/ac6/systemworkbench/plugins/fr.ac6.mcu.externaltools.arm-none.win32_1.17.0.201812190825/tools/compiler/bin/../lib/gcc/arm-none-eabi/7.3.1/thumb/v7e-m/fpv4-sp/hard\libgcc.a(_dvmd_tls.o)
                0x080004c4                __aeabi_idiv0
                0x080004c4                __aeabi_ldiv0
 *(.text*)
 .text.get_size
                0x080004c8       0x10 Core/Src/gsm.o
                0x080004c8                get_size
 .text.AT_Command_send
                0x080004d8       0x50 Core/Src/gsm.o
                0x080004d8                AT_Command_send
 .text.MX_GPIO_Init
                0x08000528      0x17c Core/Src/main.o
 .text.MX_USART2_UART_Init
                0x080006a4       0x2c Core/Src/main.o
 .text.MX_USART3_UART_Init
                0x080006d0       0x2c Core/Src/main.o
 .text.SystemClock_Config
                0x080006fc       0xb0 Core/Src/main.o
                0x080006fc                SystemClock_Config
 .text.main     0x080007ac       0x60 Core/Src/main.o
                0x080007ac                main
 .text.HAL_MspInit
                0x0800080c       0x40 Core/Src/stm32f4xx_hal_msp.o
                0x0800080c                HAL_MspInit
 .text.HAL_UART_MspInit
                0x0800084c      0x104 Core/Src/stm32f4xx_hal_msp.o
                0x0800084c                HAL_UART_MspInit
 .text.NMI_Handler
                0x08000950        0x2 Core/Src/stm32f4xx_it.o
                0x08000950                NMI_Handler
 .text.HardFault_Handler
                0x08000952        0x2 Core/Src/stm32f4xx_it.o
                0x08000952                HardFault_Handler
 .text.MemManage_Handler
                0x08000954        0x2 Core/Src/stm32f4xx_it.o
                0x08000954                MemManage_Handler
 .text.BusFault_Handler
                0x08000956        0x2 Core/Src/stm32f4xx_it.o
                0x08000956                BusFault_Handler
 .text.UsageFault_Handler
                0x08000958        0x2 Core/Src/stm32f4xx_it.o
                0x08000958                UsageFault_Handler
 .text.SVC_Handler
                0x0800095a        0x2 Core/Src/stm32f4xx_it.o
                0x0800095a                SVC_Handler
 .text.DebugMon_Handler
                0x0800095c        0x2 Core/Src/stm32f4xx_it.o
                0x0800095c                DebugMon_Handler
 .text.PendSV_Handler
                0x0800095e        0x2 Core/Src/stm32f4xx_it.o
                0x0800095e                PendSV_Handler
 .text.SysTick_Handler
                0x08000960        0x8 Core/Src/stm32f4xx_it.o
                0x08000960                SysTick_Handler
 .text.USART3_IRQHandler
                0x08000968       0x10 Core/Src/stm32f4xx_it.o
                0x08000968                USART3_IRQHandler
 .text.OTG_FS_IRQHandler
                0x08000978       0x10 Core/Src/stm32f4xx_it.o
                0x08000978                OTG_FS_IRQHandler
 .text.HAL_UART_RxCpltCallback
                0x08000988       0x38 Core/Src/stm32f4xx_it.o
                0x08000988                HAL_UART_RxCpltCallback
 .text.SystemInit
                0x080009c0       0x1c Core/Src/system_stm32f4xx.o
                0x080009c0                SystemInit
 .text.HAL_InitTick
                0x080009dc       0x48 Drivers/STM32F4xx_HAL_Driver/Src/stm32f4xx_hal.o
                0x080009dc                HAL_InitTick
 .text.HAL_Init
                0x08000a24       0x34 Drivers/STM32F4xx_HAL_Driver/Src/stm32f4xx_hal.o
                0x08000a24                HAL_Init
 .text.HAL_IncTick
                0x08000a58       0x18 Drivers/STM32F4xx_HAL_Driver/Src/stm32f4xx_hal.o
                0x08000a58                HAL_IncTick
 .text.HAL_GetTick
                0x08000a70        0xc Drivers/STM32F4xx_HAL_Driver/Src/stm32f4xx_hal.o
                0x08000a70                HAL_GetTick
 .text.HAL_Delay
                0x08000a7c       0x28 Drivers/STM32F4xx_HAL_Driver/Src/stm32f4xx_hal.o
                0x08000a7c                HAL_Delay
 .text.HAL_NVIC_SetPriorityGrouping
                0x08000aa4       0x24 Drivers/STM32F4xx_HAL_Driver/Src/stm32f4xx_hal_cortex.o
                0x08000aa4                HAL_NVIC_SetPriorityGrouping
 .text.HAL_NVIC_SetPriority
                0x08000ac8       0x68 Drivers/STM32F4xx_HAL_Driver/Src/stm32f4xx_hal_cortex.o
                0x08000ac8                HAL_NVIC_SetPriority
 .text.HAL_NVIC_EnableIRQ
                0x08000b30       0x1c Drivers/STM32F4xx_HAL_Driver/Src/stm32f4xx_hal_cortex.o
                0x08000b30                HAL_NVIC_EnableIRQ
 .text.HAL_SYSTICK_Config
                0x08000b4c       0x2c Drivers/STM32F4xx_HAL_Driver/Src/stm32f4xx_hal_cortex.o
                0x08000b4c                HAL_SYSTICK_Config
 .text.HAL_DMA_Abort_IT
                0x08000b78       0x26 Drivers/STM32F4xx_HAL_Driver/Src/stm32f4xx_hal_dma.o
                0x08000b78                HAL_DMA_Abort_IT
 *fill*         0x08000b9e        0x2 
 .text.HAL_GPIO_Init
                0x08000ba0      0x1c8 Drivers/STM32F4xx_HAL_Driver/Src/stm32f4xx_hal_gpio.o
                0x08000ba0                HAL_GPIO_Init
 .text.HAL_GPIO_WritePin
                0x08000d68        0xc Drivers/STM32F4xx_HAL_Driver/Src/stm32f4xx_hal_gpio.o
                0x08000d68                HAL_GPIO_WritePin
 .text.HAL_GPIO_TogglePin
                0x08000d74       0x12 Drivers/STM32F4xx_HAL_Driver/Src/stm32f4xx_hal_gpio.o
                0x08000d74                HAL_GPIO_TogglePin
 *fill*         0x08000d86        0x2 
 .text.HCD_RXQLVL_IRQHandler
                0x08000d88       0x7c Drivers/STM32F4xx_HAL_Driver/Src/stm32f4xx_hal_hcd.o
 .text.HCD_Port_IRQHandler
                0x08000e04       0xb0 Drivers/STM32F4xx_HAL_Driver/Src/stm32f4xx_hal_hcd.o
 .text.HCD_HC_IN_IRQHandler
                0x08000eb4      0x32c Drivers/STM32F4xx_HAL_Driver/Src/stm32f4xx_hal_hcd.o
 .text.HCD_HC_OUT_IRQHandler
                0x080011e0      0x2b4 Drivers/STM32F4xx_HAL_Driver/Src/stm32f4xx_hal_hcd.o
 .text.HAL_HCD_IRQHandler
                0x08001494      0x146 Drivers/STM32F4xx_HAL_Driver/Src/stm32f4xx_hal_hcd.o
                0x08001494                HAL_HCD_IRQHandler
 .text.HAL_HCD_Stop
                0x080015da       0x24 Drivers/STM32F4xx_HAL_Driver/Src/stm32f4xx_hal_hcd.o
                0x080015da                HAL_HCD_Stop
 *fill*         0x080015fe        0x2 
 .text.HAL_RCC_OscConfig
                0x08001600      0x3ec Drivers/STM32F4xx_HAL_Driver/Src/stm32f4xx_hal_rcc.o
                0x08001600                HAL_RCC_OscConfig
 .text.HAL_RCC_GetSysClockFreq
                0x080019ec       0xd8 Drivers/STM32F4xx_HAL_Driver/Src/stm32f4xx_hal_rcc.o
                0x080019ec                HAL_RCC_GetSysClockFreq
 .text.HAL_RCC_ClockConfig
                0x08001ac4      0x160 Drivers/STM32F4xx_HAL_Driver/Src/stm32f4xx_hal_rcc.o
                0x08001ac4                HAL_RCC_ClockConfig
 .text.HAL_RCC_GetHCLKFreq
                0x08001c24        0xc Drivers/STM32F4xx_HAL_Driver/Src/stm32f4xx_hal_rcc.o
                0x08001c24                HAL_RCC_GetHCLKFreq
 .text.HAL_RCC_GetPCLK1Freq
                0x08001c30       0x20 Drivers/STM32F4xx_HAL_Driver/Src/stm32f4xx_hal_rcc.o
                0x08001c30                HAL_RCC_GetPCLK1Freq
 .text.HAL_RCC_GetPCLK2Freq
                0x08001c50       0x20 Drivers/STM32F4xx_HAL_Driver/Src/stm32f4xx_hal_rcc.o
                0x08001c50                HAL_RCC_GetPCLK2Freq
 .text.HAL_RCCEx_PeriphCLKConfig
                0x08001c70      0x154 Drivers/STM32F4xx_HAL_Driver/Src/stm32f4xx_hal_rcc_ex.o
                0x08001c70                HAL_RCCEx_PeriphCLKConfig
 .text.UART_EndRxTransfer
                0x08001dc4       0x1c Drivers/STM32F4xx_HAL_Driver/Src/stm32f4xx_hal_uart.o
 .text.UART_Transmit_IT
                0x08001de0       0x68 Drivers/STM32F4xx_HAL_Driver/Src/stm32f4xx_hal_uart.o
 .text.UART_SetConfig
                0x08001e48      0x218 Drivers/STM32F4xx_HAL_Driver/Src/stm32f4xx_hal_uart.o
 .text.UART_WaitOnFlagUntilTimeout
                0x08002060       0x62 Drivers/STM32F4xx_HAL_Driver/Src/stm32f4xx_hal_uart.o
 .text.HAL_UART_Init
                0x080020c2       0x5e Drivers/STM32F4xx_HAL_Driver/Src/stm32f4xx_hal_uart.o
                0x080020c2                HAL_UART_Init
 .text.HAL_UART_Transmit
                0x08002120       0xe2 Drivers/STM32F4xx_HAL_Driver/Src/stm32f4xx_hal_uart.o
                0x08002120                HAL_UART_Transmit
 .text.HAL_UART_Receive_IT
                0x08002202       0x5c Drivers/STM32F4xx_HAL_Driver/Src/stm32f4xx_hal_uart.o
                0x08002202                HAL_UART_Receive_IT
 .text.HAL_UART_TxCpltCallback
                0x0800225e        0x2 Drivers/STM32F4xx_HAL_Driver/Src/stm32f4xx_hal_uart.o
                0x0800225e                HAL_UART_TxCpltCallback
 .text.UART_EndTransmit_IT
                0x08002260       0x1a Drivers/STM32F4xx_HAL_Driver/Src/stm32f4xx_hal_uart.o
 .text.UART_Receive_IT
                0x0800227a       0x9c Drivers/STM32F4xx_HAL_Driver/Src/stm32f4xx_hal_uart.o
 .text.HAL_UART_ErrorCallback
                0x08002316        0x2 Drivers/STM32F4xx_HAL_Driver/Src/stm32f4xx_hal_uart.o
                0x08002316                HAL_UART_ErrorCallback
 .text.HAL_UART_IRQHandler
                0x08002318      0x128 Drivers/STM32F4xx_HAL_Driver/Src/stm32f4xx_hal_uart.o
                0x08002318                HAL_UART_IRQHandler
 .text.UART_DMAAbortOnError
                0x08002440       0x10 Drivers/STM32F4xx_HAL_Driver/Src/stm32f4xx_hal_uart.o
 .text.USB_EnableGlobalInt
                0x08002450        0xc Drivers/STM32F4xx_HAL_Driver/Src/stm32f4xx_ll_usb.o
                0x08002450                USB_EnableGlobalInt
 .text.USB_DisableGlobalInt
                0x0800245c        0xc Drivers/STM32F4xx_HAL_Driver/Src/stm32f4xx_ll_usb.o
                0x0800245c                USB_DisableGlobalInt
 .text.USB_FlushTxFifo
                0x08002468       0x28 Drivers/STM32F4xx_HAL_Driver/Src/stm32f4xx_ll_usb.o
                0x08002468                USB_FlushTxFifo
 .text.USB_FlushRxFifo
                0x08002490       0x24 Drivers/STM32F4xx_HAL_Driver/Src/stm32f4xx_ll_usb.o
                0x08002490                USB_FlushRxFifo
 .text.USB_ReadPacket
                0x080024b4       0x28 Drivers/STM32F4xx_HAL_Driver/Src/stm32f4xx_ll_usb.o
                0x080024b4                USB_ReadPacket
 .text.USB_ReadInterrupts
                0x080024dc        0x8 Drivers/STM32F4xx_HAL_Driver/Src/stm32f4xx_ll_usb.o
                0x080024dc                USB_ReadInterrupts
 .text.USB_GetMode
                0x080024e4        0x8 Drivers/STM32F4xx_HAL_Driver/Src/stm32f4xx_ll_usb.o
                0x080024e4                USB_GetMode
 .text.USB_InitFSLSPClkSel
                0x080024ec       0x40 Drivers/STM32F4xx_HAL_Driver/Src/stm32f4xx_ll_usb.o
                0x080024ec                USB_InitFSLSPClkSel
 .text.USB_HC_ReadInterrupt
                0x0800252c        0xa Drivers/STM32F4xx_HAL_Driver/Src/stm32f4xx_ll_usb.o
                0x0800252c                USB_HC_ReadInterrupt
 .text.USB_HC_Halt
                0x08002536       0xd0 Drivers/STM32F4xx_HAL_Driver/Src/stm32f4xx_ll_usb.o
                0x08002536                USB_HC_Halt
 .text.USB_StopHost
                0x08002606       0x7e Drivers/STM32F4xx_HAL_Driver/Src/stm32f4xx_ll_usb.o
                0x08002606                USB_StopHost
 .text.USBH_HandleSof
                0x08002684       0x1a Middlewares/ST/STM32_USB_Host_Library/Core/Src/usbh_core.o
 .text.USBH_LL_IncTimer
                0x0800269e       0x12 Middlewares/ST/STM32_USB_Host_Library/Core/Src/usbh_core.o
                0x0800269e                USBH_LL_IncTimer
 .text.USBH_LL_PortEnabled
                0x080026b0        0x8 Middlewares/ST/STM32_USB_Host_Library/Core/Src/usbh_core.o
                0x080026b0                USBH_LL_PortEnabled
 .text.USBH_LL_PortDisabled
                0x080026b8        0x8 Middlewares/ST/STM32_USB_Host_Library/Core/Src/usbh_core.o
                0x080026b8                USBH_LL_PortDisabled
 .text.USBH_LL_Connect
                0x080026c0       0x14 Middlewares/ST/STM32_USB_Host_Library/Core/Src/usbh_core.o
                0x080026c0                USBH_LL_Connect
 .text.USBH_LL_Disconnect
                0x080026d4       0x2c Middlewares/ST/STM32_USB_Host_Library/Core/Src/usbh_core.o
                0x080026d4                USBH_LL_Disconnect
 .text.USBH_FreePipe
                0x08002700       0x16 Middlewares/ST/STM32_USB_Host_Library/Core/Src/usbh_pipes.o
                0x08002700                USBH_FreePipe
 .text.HAL_HCD_SOF_Callback
                0x08002716        0xc USB_HOST/Target/usbh_conf.o
                0x08002716                HAL_HCD_SOF_Callback
 .text.HAL_HCD_Connect_Callback
                0x08002722        0xc USB_HOST/Target/usbh_conf.o
                0x08002722                HAL_HCD_Connect_Callback
 .text.HAL_HCD_Disconnect_Callback
                0x0800272e        0xc USB_HOST/Target/usbh_conf.o
                0x0800272e                HAL_HCD_Disconnect_Callback
 .text.HAL_HCD_HC_NotifyURBChange_Callback
                0x0800273a        0x2 USB_HOST/Target/usbh_conf.o
                0x0800273a                HAL_HCD_HC_NotifyURBChange_Callback
 .text.HAL_HCD_PortEnabled_Callback
                0x0800273c        0xc USB_HOST/Target/usbh_conf.o
                0x0800273c                HAL_HCD_PortEnabled_Callback
 .text.HAL_HCD_PortDisabled_Callback
                0x08002748        0xc USB_HOST/Target/usbh_conf.o
                0x08002748                HAL_HCD_PortDisabled_Callback
 .text.USBH_Get_USB_Status
                0x08002754       0x12 USB_HOST/Target/usbh_conf.o
                0x08002754                USBH_Get_USB_Status
 .text.USBH_LL_Stop
                0x08002766       0x10 USB_HOST/Target/usbh_conf.o
                0x08002766                USBH_LL_Stop
 *fill*         0x08002776        0x2 
 .text.Reset_Handler
                0x08002778       0x50 startup/startup_stm32f407xx.o
                0x08002778                Reset_Handler
 .text.Default_Handler
                0x080027c8        0x2 startup/startup_stm32f407xx.o
                0x080027c8                RTC_Alarm_IRQHandler
                0x080027c8                HASH_RNG_IRQHandler
                0x080027c8                EXTI2_IRQHandler
                0x080027c8                TIM8_CC_IRQHandler
                0x080027c8                TIM1_CC_IRQHandler
                0x080027c8                DMA2_Stream5_IRQHandler
                0x080027c8                DMA1_Stream5_IRQHandler
                0x080027c8                PVD_IRQHandler
                0x080027c8                SDIO_IRQHandler
                0x080027c8                TAMP_STAMP_IRQHandler
                0x080027c8                CAN2_RX1_IRQHandler
                0x080027c8                EXTI3_IRQHandler
                0x080027c8                TIM8_TRG_COM_TIM14_IRQHandler
                0x080027c8                TIM1_UP_TIM10_IRQHandler
                0x080027c8                TIM8_UP_TIM13_IRQHandler
                0x080027c8                I2C3_ER_IRQHandler
                0x080027c8                EXTI0_IRQHandler
                0x080027c8                I2C2_EV_IRQHandler
                0x080027c8                DMA1_Stream2_IRQHandler
                0x080027c8                CAN1_RX0_IRQHandler
                0x080027c8                FPU_IRQHandler
                0x080027c8                OTG_HS_WKUP_IRQHandler
                0x080027c8                CAN2_SCE_IRQHandler
                0x080027c8                DMA2_Stream2_IRQHandler
                0x080027c8                SPI1_IRQHandler
                0x080027c8                TIM6_DAC_IRQHandler
                0x080027c8                TIM1_BRK_TIM9_IRQHandler
                0x080027c8                DCMI_IRQHandler
                0x080027c8                CAN2_RX0_IRQHandler
                0x080027c8                DMA2_Stream3_IRQHandler
                0x080027c8                USART6_IRQHandler
                0x080027c8                CAN1_RX1_IRQHandler
                0x080027c8                UART5_IRQHandler
                0x080027c8                DMA2_Stream0_IRQHandler
                0x080027c8                TIM4_IRQHandler
                0x080027c8                I2C1_EV_IRQHandler
                0x080027c8                DMA1_Stream6_IRQHandler
                0x080027c8                DMA1_Stream1_IRQHandler
                0x080027c8                UART4_IRQHandler
                0x080027c8                TIM3_IRQHandler
                0x080027c8                RCC_IRQHandler
                0x080027c8                TIM8_BRK_TIM12_IRQHandler
                0x080027c8                Default_Handler
                0x080027c8                EXTI15_10_IRQHandler
                0x080027c8                ADC_IRQHandler
                0x080027c8                DMA1_Stream7_IRQHandler
                0x080027c8                TIM7_IRQHandler
                0x080027c8                CAN2_TX_IRQHandler
                0x080027c8                TIM5_IRQHandler
                0x080027c8                DMA2_Stream7_IRQHandler
                0x080027c8                I2C3_EV_IRQHandler
                0x080027c8                EXTI9_5_IRQHandler
                0x080027c8                RTC_WKUP_IRQHandler
                0x080027c8                ETH_WKUP_IRQHandler
                0x080027c8                SPI2_IRQHandler
                0x080027c8                OTG_HS_EP1_IN_IRQHandler
                0x080027c8                DMA1_Stream0_IRQHandler
                0x080027c8                CAN1_TX_IRQHandler
                0x080027c8                EXTI4_IRQHandler
                0x080027c8                FSMC_IRQHandler
                0x080027c8                ETH_IRQHandler
                0x080027c8                OTG_HS_EP1_OUT_IRQHandler
                0x080027c8                WWDG_IRQHandler
                0x080027c8                TIM2_IRQHandler
                0x080027c8                OTG_FS_WKUP_IRQHandler
                0x080027c8                TIM1_TRG_COM_TIM11_IRQHandler
                0x080027c8                OTG_HS_IRQHandler
                0x080027c8                EXTI1_IRQHandler
                0x080027c8                USART2_IRQHandler
                0x080027c8                I2C2_ER_IRQHandler
                0x080027c8                DMA2_Stream1_IRQHandler
                0x080027c8                CAN1_SCE_IRQHandler
                0x080027c8                FLASH_IRQHandler
                0x080027c8                DMA2_Stream4_IRQHandler
                0x080027c8                USART1_IRQHandler
                0x080027c8                SPI3_IRQHandler
                0x080027c8                DMA1_Stream4_IRQHandler
                0x080027c8                I2C1_ER_IRQHandler
                0x080027c8                DMA2_Stream6_IRQHandler
                0x080027c8                DMA1_Stream3_IRQHandler
 *fill*         0x080027ca        0x2 
 .text.__libc_init_array
                0x080027cc       0x48 c:/ac6/systemworkbench/plugins/fr.ac6.mcu.externaltools.arm-none.win32_1.17.0.201812190825/tools/compiler/bin/../lib/gcc/arm-none-eabi/7.3.1/../../../../arm-none-eabi/lib/thumb/v7e-m/fpv4-sp/hard\libc_nano.a(lib_a-init.o)
                0x080027cc                __libc_init_array
 .text.memset   0x08002814       0x10 c:/ac6/systemworkbench/plugins/fr.ac6.mcu.externaltools.arm-none.win32_1.17.0.201812190825/tools/compiler/bin/../lib/gcc/arm-none-eabi/7.3.1/../../../../arm-none-eabi/lib/thumb/v7e-m/fpv4-sp/hard\libc_nano.a(lib_a-memset.o)
                0x08002814                memset
 *(.glue_7)
 .glue_7        0x08002824        0x0 linker stubs
 *(.glue_7t)
 .glue_7t       0x08002824        0x0 linker stubs
 *(.eh_frame)
 .eh_frame      0x08002824        0x0 c:/ac6/systemworkbench/plugins/fr.ac6.mcu.externaltools.arm-none.win32_1.17.0.201812190825/tools/compiler/bin/../lib/gcc/arm-none-eabi/7.3.1/thumb/v7e-m/fpv4-sp/hard/crtbegin.o
 *(.init)
 .init          0x08002824        0x4 c:/ac6/systemworkbench/plugins/fr.ac6.mcu.externaltools.arm-none.win32_1.17.0.201812190825/tools/compiler/bin/../lib/gcc/arm-none-eabi/7.3.1/thumb/v7e-m/fpv4-sp/hard/crti.o
                0x08002824                _init
 .init          0x08002828        0x8 c:/ac6/systemworkbench/plugins/fr.ac6.mcu.externaltools.arm-none.win32_1.17.0.201812190825/tools/compiler/bin/../lib/gcc/arm-none-eabi/7.3.1/thumb/v7e-m/fpv4-sp/hard/crtn.o
 *(.fini)
 .fini          0x08002830        0x4 c:/ac6/systemworkbench/plugins/fr.ac6.mcu.externaltools.arm-none.win32_1.17.0.201812190825/tools/compiler/bin/../lib/gcc/arm-none-eabi/7.3.1/thumb/v7e-m/fpv4-sp/hard/crti.o
                0x08002830                _fini
 .fini          0x08002834        0x8 c:/ac6/systemworkbench/plugins/fr.ac6.mcu.externaltools.arm-none.win32_1.17.0.201812190825/tools/compiler/bin/../lib/gcc/arm-none-eabi/7.3.1/thumb/v7e-m/fpv4-sp/hard/crtn.o
                0x0800283c                . = ALIGN (0x4)
                0x0800283c                _etext = .

.vfp11_veneer   0x0800283c        0x0
 .vfp11_veneer  0x0800283c        0x0 linker stubs

.v4_bx          0x0800283c        0x0
 .v4_bx         0x0800283c        0x0 linker stubs

.iplt           0x0800283c        0x0
 .iplt          0x0800283c        0x0 c:/ac6/systemworkbench/plugins/fr.ac6.mcu.externaltools.arm-none.win32_1.17.0.201812190825/tools/compiler/bin/../lib/gcc/arm-none-eabi/7.3.1/thumb/v7e-m/fpv4-sp/hard/crtbegin.o

.rodata         0x0800283c       0x1c
                0x0800283c                . = ALIGN (0x4)
 *(.rodata)
 .rodata        0x0800283c       0x18 Core/Src/system_stm32f4xx.o
                0x0800283c                AHBPrescTable
                0x0800284c                APBPrescTable
 *(.rodata*)
 .rodata.str1.4
                0x08002854        0x4 Core/Src/gsm.o
                                  0x3 (size before relaxing)
                0x08002858                . = ALIGN (0x4)

.ARM.extab
 *(.ARM.extab* .gnu.linkonce.armextab.*)

.ARM            0x08002858        0x8
                0x08002858                __exidx_start = .
 *(.ARM.exidx*)
 .ARM.exidx     0x08002858        0x8 c:/ac6/systemworkbench/plugins/fr.ac6.mcu.externaltools.arm-none.win32_1.17.0.201812190825/tools/compiler/bin/../lib/gcc/arm-none-eabi/7.3.1/thumb/v7e-m/fpv4-sp/hard\libgcc.a(_udivmoddi4.o)
                0x08002860                __exidx_end = .

.rel.dyn        0x08002860        0x0
 .rel.iplt      0x08002860        0x0 c:/ac6/systemworkbench/plugins/fr.ac6.mcu.externaltools.arm-none.win32_1.17.0.201812190825/tools/compiler/bin/../lib/gcc/arm-none-eabi/7.3.1/thumb/v7e-m/fpv4-sp/hard/crtbegin.o

.preinit_array  0x08002860        0x0
                0x08002860                PROVIDE (__preinit_array_start = .)
 *(.preinit_array*)
                0x08002860                PROVIDE (__preinit_array_end = .)

.init_array     0x08002860        0x4
                0x08002860                PROVIDE (__init_array_start = .)
 *(SORT_BY_NAME(.init_array.*))
 *(.init_array*)
 .init_array    0x08002860        0x4 c:/ac6/systemworkbench/plugins/fr.ac6.mcu.externaltools.arm-none.win32_1.17.0.201812190825/tools/compiler/bin/../lib/gcc/arm-none-eabi/7.3.1/thumb/v7e-m/fpv4-sp/hard/crtbegin.o
                0x08002864                PROVIDE (__init_array_end = .)

.fini_array     0x08002864        0x4
                [!provide]                PROVIDE (__fini_array_start = .)
 *(SORT_BY_NAME(.fini_array.*))
 *(.fini_array*)
 .fini_array    0x08002864        0x4 c:/ac6/systemworkbench/plugins/fr.ac6.mcu.externaltools.arm-none.win32_1.17.0.201812190825/tools/compiler/bin/../lib/gcc/arm-none-eabi/7.3.1/thumb/v7e-m/fpv4-sp/hard/crtbegin.o
                [!provide]                PROVIDE (__fini_array_end = .)
                0x08002868                _sidata = LOADADDR (.data)

.data           0x20000000      0x37c load address 0x08002868
                0x20000000                . = ALIGN (0x4)
                0x20000000                _sdata = .
 *(.data)
 .data          0x20000000      0x370 Core/Src/gsm.o
                0x20000000                gsm_responses
                0x20000098                gsm_commands
                0x20000130                IMSI
                0x20000190                Echo
                0x200001f0                SIM_status
                0x20000250                Signal_strength
                0x200002b0                IMEI
                0x20000310                SIM_NO
 .data          0x20000370        0x4 Core/Src/system_stm32f4xx.o
                0x20000370                SystemCoreClock
 .data          0x20000374        0x8 Drivers/STM32F4xx_HAL_Driver/Src/stm32f4xx_hal.o
                0x20000374                uwTickFreq
                0x20000378                uwTickPrio
 *(.data*)
                0x2000037c                . = ALIGN (0x4)
                0x2000037c                _edata = .
                0x08002be4                _siccmram = LOADADDR (.ccmram)

.igot.plt       0x2000037c        0x0 load address 0x08002be4
 .igot.plt      0x2000037c        0x0 c:/ac6/systemworkbench/plugins/fr.ac6.mcu.externaltools.arm-none.win32_1.17.0.201812190825/tools/compiler/bin/../lib/gcc/arm-none-eabi/7.3.1/thumb/v7e-m/fpv4-sp/hard/crtbegin.o

.ccmram         0x10000000        0x0 load address 0x08002be4
                0x10000000                . = ALIGN (0x4)
                0x10000000                _sccmram = .
 *(.ccmram)
 *(.ccmram*)
                0x10000000                . = ALIGN (0x4)
                0x10000000                _eccmram = .
                0x10000000                . = ALIGN (0x4)

.bss            0x2000037c      0x79c
                0x2000037c                _sbss = .
                0x2000037c                __bss_start__ = _sbss
 *(.bss)
 .bss           0x2000037c       0x1c c:/ac6/systemworkbench/plugins/fr.ac6.mcu.externaltools.arm-none.win32_1.17.0.201812190825/tools/compiler/bin/../lib/gcc/arm-none-eabi/7.3.1/thumb/v7e-m/fpv4-sp/hard/crtbegin.o
 *(.bss*)
 *(COMMON)
 COMMON         0x20000398      0x404 Core/Src/gsm.o
                0x20000398                gsm_main
 COMMON         0x2000079c       0xb4 Core/Src/main.o
                0x2000079c                huart3
                0x200007dc                rx_msg
                0x2000080e                rx_buffer
                0x20000810                huart2
 COMMON         0x20000850        0x4 Drivers/STM32F4xx_HAL_Driver/Src/stm32f4xx_hal.o
                0x20000850                uwTick
 COMMON         0x20000854      0x2c4 USB_HOST/Target/usbh_conf.o
                0x20000854                hhcd_USB_OTG_FS
                0x20000b18                . = ALIGN (0x4)
                0x20000b18                _ebss = .
                0x20000b18                __bss_end__ = _ebss

._user_heap_stack
                0x20000b18      0x600
                0x20000b18                . = ALIGN (0x8)
                0x20000b18                PROVIDE (end = .)
                [!provide]                PROVIDE (_end = .)
                0x20000d18                . = (. + _Min_Heap_Size)
 *fill*         0x20000b18      0x200 
                0x20001118                . = (. + _Min_Stack_Size)
 *fill*         0x20000d18      0x400 
                0x20001118                . = ALIGN (0x8)

/DISCARD/
 libc.a(*)
 libm.a(*)
 libgcc.a(*)

.ARM.attributes
                0x00000000       0x30
 *(.ARM.attributes)
 .ARM.attributes
                0x00000000       0x22 c:/ac6/systemworkbench/plugins/fr.ac6.mcu.externaltools.arm-none.win32_1.17.0.201812190825/tools/compiler/bin/../lib/gcc/arm-none-eabi/7.3.1/thumb/v7e-m/fpv4-sp/hard/crti.o
 .ARM.attributes
                0x00000022       0x34 c:/ac6/systemworkbench/plugins/fr.ac6.mcu.externaltools.arm-none.win32_1.17.0.201812190825/tools/compiler/bin/../lib/gcc/arm-none-eabi/7.3.1/thumb/v7e-m/fpv4-sp/hard/crtbegin.o
 .ARM.attributes
                0x00000056       0x39 Core/Src/gsm.o
 .ARM.attributes
                0x0000008f       0x39 Core/Src/main.o
 .ARM.attributes
                0x000000c8       0x39 Core/Src/stm32f4xx_hal_msp.o
 .ARM.attributes
                0x00000101       0x39 Core/Src/stm32f4xx_it.o
 .ARM.attributes
                0x0000013a       0x39 Core/Src/system_stm32f4xx.o
 .ARM.attributes
                0x00000173       0x39 Drivers/STM32F4xx_HAL_Driver/Src/stm32f4xx_hal.o
 .ARM.attributes
                0x000001ac       0x39 Drivers/STM32F4xx_HAL_Driver/Src/stm32f4xx_hal_cortex.o
 .ARM.attributes
                0x000001e5       0x39 Drivers/STM32F4xx_HAL_Driver/Src/stm32f4xx_hal_dma.o
 .ARM.attributes
                0x0000021e       0x39 Drivers/STM32F4xx_HAL_Driver/Src/stm32f4xx_hal_gpio.o
 .ARM.attributes
                0x00000257       0x39 Drivers/STM32F4xx_HAL_Driver/Src/stm32f4xx_hal_hcd.o
 .ARM.attributes
                0x00000290       0x39 Drivers/STM32F4xx_HAL_Driver/Src/stm32f4xx_hal_rcc.o
 .ARM.attributes
                0x000002c9       0x39 Drivers/STM32F4xx_HAL_Driver/Src/stm32f4xx_hal_rcc_ex.o
 .ARM.attributes
                0x00000302       0x39 Drivers/STM32F4xx_HAL_Driver/Src/stm32f4xx_hal_uart.o
 .ARM.attributes
                0x0000033b       0x39 Drivers/STM32F4xx_HAL_Driver/Src/stm32f4xx_ll_usb.o
 .ARM.attributes
                0x00000374       0x39 Middlewares/ST/STM32_USB_Host_Library/Core/Src/usbh_core.o
 .ARM.attributes
                0x000003ad       0x39 Middlewares/ST/STM32_USB_Host_Library/Core/Src/usbh_pipes.o
 .ARM.attributes
                0x000003e6       0x39 USB_HOST/Target/usbh_conf.o
 .ARM.attributes
                0x0000041f       0x21 startup/startup_stm32f407xx.o
 .ARM.attributes
                0x00000440       0x22 c:/ac6/systemworkbench/plugins/fr.ac6.mcu.externaltools.arm-none.win32_1.17.0.201812190825/tools/compiler/bin/../lib/gcc/arm-none-eabi/7.3.1/thumb/v7e-m/fpv4-sp/hard\libgcc.a(_aeabi_uldivmod.o)
 .ARM.attributes
                0x00000462       0x34 c:/ac6/systemworkbench/plugins/fr.ac6.mcu.externaltools.arm-none.win32_1.17.0.201812190825/tools/compiler/bin/../lib/gcc/arm-none-eabi/7.3.1/thumb/v7e-m/fpv4-sp/hard\libgcc.a(_udivmoddi4.o)
 .ARM.attributes
                0x00000496       0x22 c:/ac6/systemworkbench/plugins/fr.ac6.mcu.externaltools.arm-none.win32_1.17.0.201812190825/tools/compiler/bin/../lib/gcc/arm-none-eabi/7.3.1/thumb/v7e-m/fpv4-sp/hard\libgcc.a(_dvmd_tls.o)
 .ARM.attributes
                0x000004b8       0x34 c:/ac6/systemworkbench/plugins/fr.ac6.mcu.externaltools.arm-none.win32_1.17.0.201812190825/tools/compiler/bin/../lib/gcc/arm-none-eabi/7.3.1/../../../../arm-none-eabi/lib/thumb/v7e-m/fpv4-sp/hard\libc_nano.a(lib_a-init.o)
 .ARM.attributes
                0x000004ec       0x34 c:/ac6/systemworkbench/plugins/fr.ac6.mcu.externaltools.arm-none.win32_1.17.0.201812190825/tools/compiler/bin/../lib/gcc/arm-none-eabi/7.3.1/../../../../arm-none-eabi/lib/thumb/v7e-m/fpv4-sp/hard\libc_nano.a(lib_a-memset.o)
 .ARM.attributes
                0x00000520       0x22 c:/ac6/systemworkbench/plugins/fr.ac6.mcu.externaltools.arm-none.win32_1.17.0.201812190825/tools/compiler/bin/../lib/gcc/arm-none-eabi/7.3.1/thumb/v7e-m/fpv4-sp/hard/crtn.o
OUTPUT(UART2_3_Interface.elf elf32-littlearm)

.debug_info     0x00000000    0x12b77
 .debug_info    0x00000000      0x913 Core/Src/gsm.o
 .debug_info    0x00000913     0x1055 Core/Src/main.o
 .debug_info    0x00001968     0x1778 Core/Src/stm32f4xx_hal_msp.o
 .debug_info    0x000030e0      0xca7 Core/Src/stm32f4xx_it.o
 .debug_info    0x00003d87      0x559 Core/Src/system_stm32f4xx.o
 .debug_info    0x000042e0      0x9f1 Drivers/STM32F4xx_HAL_Driver/Src/stm32f4xx_hal.o
 .debug_info    0x00004cd1      0xf8c Drivers/STM32F4xx_HAL_Driver/Src/stm32f4xx_hal_cortex.o
 .debug_info    0x00005c5d      0xaad Drivers/STM32F4xx_HAL_Driver/Src/stm32f4xx_hal_dma.o
 .debug_info    0x0000670a      0x7c2 Drivers/STM32F4xx_HAL_Driver/Src/stm32f4xx_hal_gpio.o
 .debug_info    0x00006ecc     0x130a Drivers/STM32F4xx_HAL_Driver/Src/stm32f4xx_hal_hcd.o
 .debug_info    0x000081d6      0xa94 Drivers/STM32F4xx_HAL_Driver/Src/stm32f4xx_hal_rcc.o
 .debug_info    0x00008c6a      0x6b5 Drivers/STM32F4xx_HAL_Driver/Src/stm32f4xx_hal_rcc_ex.o
 .debug_info    0x0000931f     0x171d Drivers/STM32F4xx_HAL_Driver/Src/stm32f4xx_hal_uart.o
 .debug_info    0x0000aa3c     0x1b51 Drivers/STM32F4xx_HAL_Driver/Src/stm32f4xx_ll_usb.o
 .debug_info    0x0000c58d     0x2205 Middlewares/ST/STM32_USB_Host_Library/Core/Src/usbh_core.o
 .debug_info    0x0000e792     0x1902 Middlewares/ST/STM32_USB_Host_Library/Core/Src/usbh_pipes.o
 .debug_info    0x00010094     0x2ac1 USB_HOST/Target/usbh_conf.o
 .debug_info    0x00012b55       0x22 startup/startup_stm32f407xx.o

.debug_abbrev   0x00000000     0x2973
 .debug_abbrev  0x00000000      0x23d Core/Src/gsm.o
 .debug_abbrev  0x0000023d      0x26b Core/Src/main.o
 .debug_abbrev  0x000004a8      0x224 Core/Src/stm32f4xx_hal_msp.o
 .debug_abbrev  0x000006cc      0x20c Core/Src/stm32f4xx_it.o
 .debug_abbrev  0x000008d8      0x12b Core/Src/system_stm32f4xx.o
 .debug_abbrev  0x00000a03      0x1ed Drivers/STM32F4xx_HAL_Driver/Src/stm32f4xx_hal.o
 .debug_abbrev  0x00000bf0      0x328 Drivers/STM32F4xx_HAL_Driver/Src/stm32f4xx_hal_cortex.o
 .debug_abbrev  0x00000f18      0x290 Drivers/STM32F4xx_HAL_Driver/Src/stm32f4xx_hal_dma.o
 .debug_abbrev  0x000011a8      0x1e7 Drivers/STM32F4xx_HAL_Driver/Src/stm32f4xx_hal_gpio.o
 .debug_abbrev  0x0000138f      0x27f Drivers/STM32F4xx_HAL_Driver/Src/stm32f4xx_hal_hcd.o
 .debug_abbrev  0x0000160e      0x273 Drivers/STM32F4xx_HAL_Driver/Src/stm32f4xx_hal_rcc.o
 .debug_abbrev  0x00001881      0x179 Drivers/STM32F4xx_HAL_Driver/Src/stm32f4xx_hal_rcc_ex.o
 .debug_abbrev  0x000019fa      0x288 Drivers/STM32F4xx_HAL_Driver/Src/stm32f4xx_hal_uart.o
 .debug_abbrev  0x00001c82      0x2a8 Drivers/STM32F4xx_HAL_Driver/Src/stm32f4xx_ll_usb.o
 .debug_abbrev  0x00001f2a      0x3ab Middlewares/ST/STM32_USB_Host_Library/Core/Src/usbh_core.o
 .debug_abbrev  0x000022d5      0x2f5 Middlewares/ST/STM32_USB_Host_Library/Core/Src/usbh_pipes.o
 .debug_abbrev  0x000025ca      0x397 USB_HOST/Target/usbh_conf.o
 .debug_abbrev  0x00002961       0x12 startup/startup_stm32f407xx.o

.debug_loc      0x00000000     0x7452
 .debug_loc     0x00000000       0xf1 Core/Src/gsm.o
 .debug_loc     0x000000f1      0x1e9 Core/Src/stm32f4xx_hal_msp.o
 .debug_loc     0x000002da       0x3a Core/Src/stm32f4xx_it.o
 .debug_loc     0x00000314      0x13e Core/Src/system_stm32f4xx.o
 .debug_loc     0x00000452      0x11b Drivers/STM32F4xx_HAL_Driver/Src/stm32f4xx_hal.o
 .debug_loc     0x0000056d      0x5ce Drivers/STM32F4xx_HAL_Driver/Src/stm32f4xx_hal_cortex.o
 .debug_loc     0x00000b3b      0xb4e Drivers/STM32F4xx_HAL_Driver/Src/stm32f4xx_hal_dma.o
 .debug_loc     0x00001689      0x476 Drivers/STM32F4xx_HAL_Driver/Src/stm32f4xx_hal_gpio.o
 .debug_loc     0x00001aff      0xbf9 Drivers/STM32F4xx_HAL_Driver/Src/stm32f4xx_hal_hcd.o
 .debug_loc     0x000026f8      0x40f Drivers/STM32F4xx_HAL_Driver/Src/stm32f4xx_hal_rcc.o
 .debug_loc     0x00002b07      0x2c7 Drivers/STM32F4xx_HAL_Driver/Src/stm32f4xx_hal_rcc_ex.o
 .debug_loc     0x00002dce     0x1599 Drivers/STM32F4xx_HAL_Driver/Src/stm32f4xx_hal_uart.o
 .debug_loc     0x00004367     0x1eca Drivers/STM32F4xx_HAL_Driver/Src/stm32f4xx_ll_usb.o
 .debug_loc     0x00006231      0x84c Middlewares/ST/STM32_USB_Host_Library/Core/Src/usbh_core.o
 .debug_loc     0x00006a7d      0x1be Middlewares/ST/STM32_USB_Host_Library/Core/Src/usbh_pipes.o
 .debug_loc     0x00006c3b      0x817 USB_HOST/Target/usbh_conf.o

.debug_aranges  0x00000000      0xb30
 .debug_aranges
                0x00000000       0x38 Core/Src/gsm.o
 .debug_aranges
                0x00000038       0x48 Core/Src/main.o
 .debug_aranges
                0x00000080       0x60 Core/Src/stm32f4xx_hal_msp.o
 .debug_aranges
                0x000000e0       0x78 Core/Src/stm32f4xx_it.o
 .debug_aranges
                0x00000158       0x28 Core/Src/system_stm32f4xx.o
 .debug_aranges
                0x00000180       0xf0 Drivers/STM32F4xx_HAL_Driver/Src/stm32f4xx_hal.o
 .debug_aranges
                0x00000270       0xa8 Drivers/STM32F4xx_HAL_Driver/Src/stm32f4xx_hal_cortex.o
 .debug_aranges
                0x00000318       0x90 Drivers/STM32F4xx_HAL_Driver/Src/stm32f4xx_hal_dma.o
 .debug_aranges
                0x000003a8       0x58 Drivers/STM32F4xx_HAL_Driver/Src/stm32f4xx_hal_gpio.o
 .debug_aranges
                0x00000400       0xf8 Drivers/STM32F4xx_HAL_Driver/Src/stm32f4xx_hal_hcd.o
 .debug_aranges
                0x000004f8       0x88 Drivers/STM32F4xx_HAL_Driver/Src/stm32f4xx_hal_rcc.o
 .debug_aranges
                0x00000580       0x48 Drivers/STM32F4xx_HAL_Driver/Src/stm32f4xx_hal_rcc_ex.o
 .debug_aranges
                0x000005c8      0x1d0 Drivers/STM32F4xx_HAL_Driver/Src/stm32f4xx_hal_uart.o
 .debug_aranges
                0x00000798      0x198 Drivers/STM32F4xx_HAL_Driver/Src/stm32f4xx_ll_usb.o
 .debug_aranges
                0x00000930       0xc0 Middlewares/ST/STM32_USB_Host_Library/Core/Src/usbh_core.o
 .debug_aranges
                0x000009f0       0x40 Middlewares/ST/STM32_USB_Host_Library/Core/Src/usbh_pipes.o
 .debug_aranges
                0x00000a30       0xd8 USB_HOST/Target/usbh_conf.o
 .debug_aranges
                0x00000b08       0x28 startup/startup_stm32f407xx.o

.debug_ranges   0x00000000      0xa90
 .debug_ranges  0x00000000       0x28 Core/Src/gsm.o
 .debug_ranges  0x00000028       0x38 Core/Src/main.o
 .debug_ranges  0x00000060       0x50 Core/Src/stm32f4xx_hal_msp.o
 .debug_ranges  0x000000b0       0x68 Core/Src/stm32f4xx_it.o
 .debug_ranges  0x00000118       0x18 Core/Src/system_stm32f4xx.o
 .debug_ranges  0x00000130       0xe0 Drivers/STM32F4xx_HAL_Driver/Src/stm32f4xx_hal.o
 .debug_ranges  0x00000210       0xf8 Drivers/STM32F4xx_HAL_Driver/Src/stm32f4xx_hal_cortex.o
 .debug_ranges  0x00000308       0x80 Drivers/STM32F4xx_HAL_Driver/Src/stm32f4xx_hal_dma.o
 .debug_ranges  0x00000388       0x48 Drivers/STM32F4xx_HAL_Driver/Src/stm32f4xx_hal_gpio.o
 .debug_ranges  0x000003d0       0xe8 Drivers/STM32F4xx_HAL_Driver/Src/stm32f4xx_hal_hcd.o
 .debug_ranges  0x000004b8       0x90 Drivers/STM32F4xx_HAL_Driver/Src/stm32f4xx_hal_rcc.o
 .debug_ranges  0x00000548       0x38 Drivers/STM32F4xx_HAL_Driver/Src/stm32f4xx_hal_rcc_ex.o
 .debug_ranges  0x00000580      0x1c0 Drivers/STM32F4xx_HAL_Driver/Src/stm32f4xx_hal_uart.o
 .debug_ranges  0x00000740      0x188 Drivers/STM32F4xx_HAL_Driver/Src/stm32f4xx_ll_usb.o
 .debug_ranges  0x000008c8       0xb0 Middlewares/ST/STM32_USB_Host_Library/Core/Src/usbh_core.o
 .debug_ranges  0x00000978       0x30 Middlewares/ST/STM32_USB_Host_Library/Core/Src/usbh_pipes.o
 .debug_ranges  0x000009a8       0xc8 USB_HOST/Target/usbh_conf.o
 .debug_ranges  0x00000a70       0x20 startup/startup_stm32f407xx.o

.debug_macro    0x00000000    0x21630
 .debug_macro   0x00000000      0x22c Core/Src/gsm.o
 .debug_macro   0x0000022c      0xa54 Core/Src/gsm.o
 .debug_macro   0x00000c80       0x10 Core/Src/gsm.o
 .debug_macro   0x00000c90      0x2a6 Core/Src/gsm.o
 .debug_macro   0x00000f36       0x2e Core/Src/gsm.o
 .debug_macro   0x00000f64       0x2f Core/Src/gsm.o
 .debug_macro   0x00000f93       0x22 Core/Src/gsm.o
 .debug_macro   0x00000fb5       0x8e Core/Src/gsm.o
 .debug_macro   0x00001043       0x51 Core/Src/gsm.o
 .debug_macro   0x00001094       0xef Core/Src/gsm.o
 .debug_macro   0x00001183       0x6a Core/Src/gsm.o
 .debug_macro   0x000011ed      0x1df Core/Src/gsm.o
 .debug_macro   0x000013cc       0x1c Core/Src/gsm.o
 .debug_macro   0x000013e8       0x22 Core/Src/gsm.o
 .debug_macro   0x0000140a       0xdf Core/Src/gsm.o
 .debug_macro   0x000014e9     0x102d Core/Src/gsm.o
 .debug_macro   0x00002516      0x11f Core/Src/gsm.o
 .debug_macro   0x00002635    0x15e3c Core/Src/gsm.o
 .debug_macro   0x00018471       0x43 Core/Src/gsm.o
 .debug_macro   0x000184b4     0x3659 Core/Src/gsm.o
 .debug_macro   0x0001bb0d      0x174 Core/Src/gsm.o
 .debug_macro   0x0001bc81       0x5a Core/Src/gsm.o
 .debug_macro   0x0001bcdb      0x96b Core/Src/gsm.o
 .debug_macro   0x0001c646      0x9fe Core/Src/gsm.o
 .debug_macro   0x0001d044      0x117 Core/Src/gsm.o
 .debug_macro   0x0001d15b      0x13e Core/Src/gsm.o
 .debug_macro   0x0001d299       0x27 Core/Src/gsm.o
 .debug_macro   0x0001d2c0      0x174 Core/Src/gsm.o
 .debug_macro   0x0001d434      0x287 Core/Src/gsm.o
 .debug_macro   0x0001d6bb       0x5f Core/Src/gsm.o
 .debug_macro   0x0001d71a      0x236 Core/Src/gsm.o
 .debug_macro   0x0001d950      0x12c Core/Src/gsm.o
 .debug_macro   0x0001da7c      0x21e Core/Src/gsm.o
 .debug_macro   0x0001dc9a       0x2e Core/Src/gsm.o
 .debug_macro   0x0001dcc8      0x1b5 Core/Src/gsm.o
 .debug_macro   0x0001de7d       0xd6 Core/Src/gsm.o
 .debug_macro   0x0001df53      0x1a7 Core/Src/gsm.o
 .debug_macro   0x0001e0fa       0x46 Core/Src/gsm.o
 .debug_macro   0x0001e140       0x4a Core/Src/gsm.o
 .debug_macro   0x0001e18a      0x11a Core/Src/gsm.o
 .debug_macro   0x0001e2a4       0x7e Core/Src/gsm.o
 .debug_macro   0x0001e322       0x89 Core/Src/gsm.o
 .debug_macro   0x0001e3ab      0x225 Core/Src/gsm.o
 .debug_macro   0x0001e5d0      0x287 Core/Src/gsm.o
 .debug_macro   0x0001e857      0x21e Core/Src/gsm.o
 .debug_macro   0x0001ea75       0x68 Core/Src/gsm.o
 .debug_macro   0x0001eadd      0x12d Core/Src/gsm.o
 .debug_macro   0x0001ec0a      0x19d Core/Src/gsm.o
 .debug_macro   0x0001eda7      0x232 Core/Src/main.o
 .debug_macro   0x0001efd9      0x228 Core/Src/stm32f4xx_hal_msp.o
 .debug_macro   0x0001f201      0x232 Core/Src/stm32f4xx_it.o
 .debug_macro   0x0001f433      0x216 Core/Src/system_stm32f4xx.o
 .debug_macro   0x0001f649      0x270 Drivers/STM32F4xx_HAL_Driver/Src/stm32f4xx_hal.o
 .debug_macro   0x0001f8b9      0x210 Drivers/STM32F4xx_HAL_Driver/Src/stm32f4xx_hal_cortex.o
 .debug_macro   0x0001fac9      0x216 Drivers/STM32F4xx_HAL_Driver/Src/stm32f4xx_hal_dma.o
 .debug_macro   0x0001fcdf      0x246 Drivers/STM32F4xx_HAL_Driver/Src/stm32f4xx_hal_gpio.o
 .debug_macro   0x0001ff25      0x210 Drivers/STM32F4xx_HAL_Driver/Src/stm32f4xx_hal_hcd.o
 .debug_macro   0x00020135      0x234 Drivers/STM32F4xx_HAL_Driver/Src/stm32f4xx_hal_rcc.o
 .debug_macro   0x00020369      0x210 Drivers/STM32F4xx_HAL_Driver/Src/stm32f4xx_hal_rcc_ex.o
 .debug_macro   0x00020579      0x211 Drivers/STM32F4xx_HAL_Driver/Src/stm32f4xx_hal_uart.o
 .debug_macro   0x0002078a      0x210 Drivers/STM32F4xx_HAL_Driver/Src/stm32f4xx_ll_usb.o
 .debug_macro   0x0002099a      0x436 Middlewares/ST/STM32_USB_Host_Library/Core/Src/usbh_core.o
 .debug_macro   0x00020dd0      0x428 Middlewares/ST/STM32_USB_Host_Library/Core/Src/usbh_pipes.o
 .debug_macro   0x000211f8      0x438 USB_HOST/Target/usbh_conf.o

.debug_line     0x00000000     0xa9d9
 .debug_line    0x00000000      0x773 Core/Src/gsm.o
 .debug_line    0x00000773      0x80f Core/Src/main.o
 .debug_line    0x00000f82      0x811 Core/Src/stm32f4xx_hal_msp.o
 .debug_line    0x00001793      0x7dd Core/Src/stm32f4xx_it.o
 .debug_line    0x00001f70      0x727 Core/Src/system_stm32f4xx.o
 .debug_line    0x00002697      0x904 Drivers/STM32F4xx_HAL_Driver/Src/stm32f4xx_hal.o
 .debug_line    0x00002f9b      0x956 Drivers/STM32F4xx_HAL_Driver/Src/stm32f4xx_hal_cortex.o
 .debug_line    0x000038f1      0xa2c Drivers/STM32F4xx_HAL_Driver/Src/stm32f4xx_hal_dma.o
 .debug_line    0x0000431d      0x88c Drivers/STM32F4xx_HAL_Driver/Src/stm32f4xx_hal_gpio.o
 .debug_line    0x00004ba9      0xb4d Drivers/STM32F4xx_HAL_Driver/Src/stm32f4xx_hal_hcd.o
 .debug_line    0x000056f6      0x997 Drivers/STM32F4xx_HAL_Driver/Src/stm32f4xx_hal_rcc.o
 .debug_line    0x0000608d      0x81c Drivers/STM32F4xx_HAL_Driver/Src/stm32f4xx_hal_rcc_ex.o
 .debug_line    0x000068a9     0x1053 Drivers/STM32F4xx_HAL_Driver/Src/stm32f4xx_hal_uart.o
 .debug_line    0x000078fc      0xddb Drivers/STM32F4xx_HAL_Driver/Src/stm32f4xx_ll_usb.o
 .debug_line    0x000086d7      0xd21 Middlewares/ST/STM32_USB_Host_Library/Core/Src/usbh_core.o
 .debug_line    0x000093f8      0x9d1 Middlewares/ST/STM32_USB_Host_Library/Core/Src/usbh_pipes.o
 .debug_line    0x00009dc9      0xb92 USB_HOST/Target/usbh_conf.o
 .debug_line    0x0000a95b       0x7e startup/startup_stm32f407xx.o

.debug_str      0x00000000    0xca95e
 .debug_str     0x00000000    0xc18f5 Core/Src/gsm.o
                              0xc1bcd (size before relaxing)
 .debug_str     0x000c18f5      0x472 Core/Src/main.o
                              0xc1fd9 (size before relaxing)
 .debug_str     0x000c1d67      0xb08 Core/Src/stm32f4xx_hal_msp.o
                              0xc2816 (size before relaxing)
 .debug_str     0x000c286f      0x49a Core/Src/stm32f4xx_it.o
                              0xc2031 (size before relaxing)
 .debug_str     0x000c2d09       0xc4 Core/Src/system_stm32f4xx.o
                              0xc11b5 (size before relaxing)
 .debug_str     0x000c2dcd      0x581 Drivers/STM32F4xx_HAL_Driver/Src/stm32f4xx_hal.o
                              0xc1cc7 (size before relaxing)
 .debug_str     0x000c334e      0x326 Drivers/STM32F4xx_HAL_Driver/Src/stm32f4xx_hal_cortex.o
                              0xc1a71 (size before relaxing)
 .debug_str     0x000c3674      0x31a Drivers/STM32F4xx_HAL_Driver/Src/stm32f4xx_hal_dma.o
                              0xc15d6 (size before relaxing)
 .debug_str     0x000c398e      0x1c9 Drivers/STM32F4xx_HAL_Driver/Src/stm32f4xx_hal_gpio.o
                              0xc13f4 (size before relaxing)
 .debug_str     0x000c3b57      0x4f2 Drivers/STM32F4xx_HAL_Driver/Src/stm32f4xx_hal_hcd.o
                              0xc194b (size before relaxing)
 .debug_str     0x000c4049      0x233 Drivers/STM32F4xx_HAL_Driver/Src/stm32f4xx_hal_rcc.o
                              0xc15c9 (size before relaxing)
 .debug_str     0x000c427c       0xf9 Drivers/STM32F4xx_HAL_Driver/Src/stm32f4xx_hal_rcc_ex.o
                              0xc1303 (size before relaxing)
 .debug_str     0x000c4375      0x4bc Drivers/STM32F4xx_HAL_Driver/Src/stm32f4xx_hal_uart.o
                              0xc1a78 (size before relaxing)
 .debug_str     0x000c4831      0x507 Drivers/STM32F4xx_HAL_Driver/Src/stm32f4xx_ll_usb.o
                              0xc1a93 (size before relaxing)
 .debug_str     0x000c4d38     0x59e6 Middlewares/ST/STM32_USB_Host_Library/Core/Src/usbh_core.o
                              0xc7624 (size before relaxing)
 .debug_str     0x000ca71e       0x98 Middlewares/ST/STM32_USB_Host_Library/Core/Src/usbh_pipes.o
                              0xc7375 (size before relaxing)
 .debug_str     0x000ca7b6      0x179 USB_HOST/Target/usbh_conf.o
                              0xc8209 (size before relaxing)
 .debug_str     0x000ca92f       0x2f startup/startup_stm32f407xx.o
                                 0x54 (size before relaxing)

.comment        0x00000000       0x7f
 .comment       0x00000000       0x7f Core/Src/gsm.o
                                 0x80 (size before relaxing)
 .comment       0x0000007f       0x80 Core/Src/main.o
 .comment       0x0000007f       0x80 Core/Src/stm32f4xx_hal_msp.o
 .comment       0x0000007f       0x80 Core/Src/stm32f4xx_it.o
 .comment       0x0000007f       0x80 Core/Src/system_stm32f4xx.o
 .comment       0x0000007f       0x80 Drivers/STM32F4xx_HAL_Driver/Src/stm32f4xx_hal.o
 .comment       0x0000007f       0x80 Drivers/STM32F4xx_HAL_Driver/Src/stm32f4xx_hal_cortex.o
 .comment       0x0000007f       0x80 Drivers/STM32F4xx_HAL_Driver/Src/stm32f4xx_hal_dma.o
 .comment       0x0000007f       0x80 Drivers/STM32F4xx_HAL_Driver/Src/stm32f4xx_hal_gpio.o
 .comment       0x0000007f       0x80 Drivers/STM32F4xx_HAL_Driver/Src/stm32f4xx_hal_hcd.o
 .comment       0x0000007f       0x80 Drivers/STM32F4xx_HAL_Driver/Src/stm32f4xx_hal_rcc.o
 .comment       0x0000007f       0x80 Drivers/STM32F4xx_HAL_Driver/Src/stm32f4xx_hal_rcc_ex.o
 .comment       0x0000007f       0x80 Drivers/STM32F4xx_HAL_Driver/Src/stm32f4xx_hal_uart.o
 .comment       0x0000007f       0x80 Drivers/STM32F4xx_HAL_Driver/Src/stm32f4xx_ll_usb.o
 .comment       0x0000007f       0x80 Middlewares/ST/STM32_USB_Host_Library/Core/Src/usbh_core.o
 .comment       0x0000007f       0x80 Middlewares/ST/STM32_USB_Host_Library/Core/Src/usbh_pipes.o
 .comment       0x0000007f       0x80 USB_HOST/Target/usbh_conf.o

.debug_frame    0x00000000     0x1cf0
 .debug_frame   0x00000000       0x74 Core/Src/gsm.o
 .debug_frame   0x00000074       0xb8 Core/Src/main.o
 .debug_frame   0x0000012c      0x11c Core/Src/stm32f4xx_hal_msp.o
 .debug_frame   0x00000248       0xf0 Core/Src/stm32f4xx_it.o
 .debug_frame   0x00000338       0x30 Core/Src/system_stm32f4xx.o
 .debug_frame   0x00000368      0x1ec Drivers/STM32F4xx_HAL_Driver/Src/stm32f4xx_hal.o
 .debug_frame   0x00000554      0x15c Drivers/STM32F4xx_HAL_Driver/Src/stm32f4xx_hal_cortex.o
 .debug_frame   0x000006b0      0x188 Drivers/STM32F4xx_HAL_Driver/Src/stm32f4xx_hal_dma.o
 .debug_frame   0x00000838       0xd8 Drivers/STM32F4xx_HAL_Driver/Src/stm32f4xx_hal_gpio.o
 .debug_frame   0x00000910      0x2b4 Drivers/STM32F4xx_HAL_Driver/Src/stm32f4xx_hal_hcd.o
 .debug_frame   0x00000bc4      0x184 Drivers/STM32F4xx_HAL_Driver/Src/stm32f4xx_hal_rcc.o
 .debug_frame   0x00000d48       0xa4 Drivers/STM32F4xx_HAL_Driver/Src/stm32f4xx_hal_rcc_ex.o
 .debug_frame   0x00000dec      0x4f0 Drivers/STM32F4xx_HAL_Driver/Src/stm32f4xx_hal_uart.o
 .debug_frame   0x000012dc      0x488 Drivers/STM32F4xx_HAL_Driver/Src/stm32f4xx_ll_usb.o
 .debug_frame   0x00001764      0x200 Middlewares/ST/STM32_USB_Host_Library/Core/Src/usbh_core.o
 .debug_frame   0x00001964       0x84 Middlewares/ST/STM32_USB_Host_Library/Core/Src/usbh_pipes.o
 .debug_frame   0x000019e8      0x25c USB_HOST/Target/usbh_conf.o
 .debug_frame   0x00001c44       0x2c c:/ac6/systemworkbench/plugins/fr.ac6.mcu.externaltools.arm-none.win32_1.17.0.201812190825/tools/compiler/bin/../lib/gcc/arm-none-eabi/7.3.1/thumb/v7e-m/fpv4-sp/hard\libgcc.a(_aeabi_uldivmod.o)
 .debug_frame   0x00001c70       0x34 c:/ac6/systemworkbench/plugins/fr.ac6.mcu.externaltools.arm-none.win32_1.17.0.201812190825/tools/compiler/bin/../lib/gcc/arm-none-eabi/7.3.1/thumb/v7e-m/fpv4-sp/hard\libgcc.a(_udivmoddi4.o)
 .debug_frame   0x00001ca4       0x2c c:/ac6/systemworkbench/plugins/fr.ac6.mcu.externaltools.arm-none.win32_1.17.0.201812190825/tools/compiler/bin/../lib/gcc/arm-none-eabi/7.3.1/../../../../arm-none-eabi/lib/thumb/v7e-m/fpv4-sp/hard\libc_nano.a(lib_a-init.o)
 .debug_frame   0x00001cd0       0x20 c:/ac6/systemworkbench/plugins/fr.ac6.mcu.externaltools.arm-none.win32_1.17.0.201812190825/tools/compiler/bin/../lib/gcc/arm-none-eabi/7.3.1/../../../../arm-none-eabi/lib/thumb/v7e-m/fpv4-sp/hard\libc_nano.a(lib_a-memset.o)
